// Jest Snapshot v1, https://goo.gl/fbAQLP

exports[`renders correctly ErrorFetch 1`] = `
<div>
  <div
    class="error-fetch-container"
  >
    <div
      class="info-error-fetch"
    >
      <div>
        .
      </div>
      <div
        class="try-again"
      >
        Try again
      </div>
    </div>
  </div>
  <div
    id="portal"
  />
</div>
`;
