// Jest Snapshot v1, https://goo.gl/fbAQLP

exports[`renders correctly Header 1`] = `
<div>
  <div
    class="container-header"
  >
    <div
      class="name-site"
    >
      Europe.know
    </div>
    <div
      class="spacer"
    />
    <div
      class="login"
    >
      Login
    </div>
    <div
      class="register"
    >
      Register
    </div>
  </div>
  <div
    id="portal"
  />
</div>
`;
